
> playwright-test-automation@1.0.0 test:headed
> playwright test --headed register.spec.ts --project=chromium --no-webserver

node.exe : error: unknown option '--no-webserver'
At line:1 char:1
+ & "C:\Program Files\nodejs/node.exe" "C:\Program Files\nodejs/node_mo ...
+ ~~~~~~~~~~~~~~~~~~~~~~~~~~~~~~~~~~~~~~~~~~~~~~~~~~~~~~~~~~~~~~~~~~~~~
    + CategoryInfo          : NotSpecified: (error: unknown option '--no-webse 
   rver':String) [], RemoteException
    + FullyQualifiedErrorId : NativeCommandError
 
